
 ⛅️ wrangler 4.125.0 (update available 4.145.0)
───────────────────────────────────────────────
Your Worker has access to the following bindings:
Binding                                                              Resource                  Mode
env.CONTROL_DB (hms-control-local)                                   D1 Database               local
env.HOTEL_DEMO_DB (hms-hotel-demo-local)                             D1 Database               local
env.HOTEL_SECOND_DB (hms-hotel-second-local)                         D1 Database               local
env.ENVIRONMENT ("development")                                      Environment Variable      local
env.ACCESS_TEAM_DOMAIN ("https://example.cloudflareaccess.com")      Environment Variable      local
env.ACCESS_AUDIENCE ("local-development")                            Environment Variable      local
env.LOCAL_DEV_AUTH ("(hidden)")                                      Environment Variable      local

Wrangler detected this dev session is running in an AI agent.
The Local Explorer API is available at http://127.0.0.1:8787/cdn-cgi/local/explorer/api
Useful routes:
  GET http://127.0.0.1:8787/cdn-cgi/local/explorer/api/local/workers - local Workers and bindings
  GET http://127.0.0.1:8787/cdn-cgi/local/explorer/api/storage/kv/namespaces - KV namespaces
  GET http://127.0.0.1:8787/cdn-cgi/local/explorer/api/d1/database - D1 databases
  GET http://127.0.0.1:8787/cdn-cgi/local/explorer/api/r2/buckets - R2 buckets
  GET http://127.0.0.1:8787/cdn-cgi/local/explorer/api/workers/durable_objects/namespaces - Durable Object namespaces
  GET http://127.0.0.1:8787/cdn-cgi/local/explorer/api/workflows - Workflows
  POST http://127.0.0.1:8787/cdn-cgi/local/explorer/api/local/observability/query - run a read-only SQL query (SELECT/WITH only) over captured request traces and console logs. Tables: spans, logs (read attributes via json(attributes)). Example:
    curl -X POST http://127.0.0.1:8787/cdn-cgi/local/explorer/api/local/observability/query -H 'Content-Type: application/json' -d '{"sql":"SELECT service, name, outcome, duration_ms FROM spans WHERE parent_id IS NULL LIMIT 20"}'
If the routes above don't cover what you need, fetch the full OpenAPI schema (large - use only as a last resort):
  GET http://127.0.0.1:8787/cdn-cgi/local/explorer/api - OpenAPI schema
⎔ Starting local server...
[wrangler:info] Ready on http://127.0.0.1:8787
[wrangler:info] GET /health 200 OK (14ms)
[wrangler:info] GET /health 200 OK (3ms)
[wrangler:info] GET /api/v1/auth/me 200 OK (61ms)
[wrangler:info] GET /api/v1/auth/me 200 OK (19ms)
[wrangler:info] GET /api/v1/billing/balance 200 OK (47ms)
[wrangler:info] GET /api/v1/auth/me 200 OK (32ms)
[wrangler:info] GET /api/v1/bookings 200 OK (19ms)
[wrangler:info] GET /api/v1/billing/balance 200 OK (38ms)
[wrangler:info] GET /api/v1/bookings/cf-i06/invoice 200 OK (20ms)
[wrangler:info] GET /api/v1/bookings/cf-i06/payments 200 OK (36ms)
[wrangler:info] GET /api/v1/bookings/cf-i06/extra-charges 200 OK (35ms)
[wrangler:info] GET /api/v1/bookings 200 OK (35ms)
[wrangler:info] GET /api/v1/bookings/cf-i06/invoice 200 OK (18ms)
[wrangler:info] GET /api/v1/bookings/cf-i06/payments 200 OK (31ms)
[wrangler:info] GET /api/v1/bookings/cf-i06/extra-charges 200 OK (28ms)
[wrangler:info] POST /api/v1/bookings/cf-i06/payments 502 Bad Gateway (27ms)
[wrangler:info] GET /api/v1/bookings/cf-i06/payments 200 OK (9ms)
[wrangler:info] GET /api/v1/auth/me 200 OK (15ms)
[wrangler:info] GET /api/v1/auth/me 200 OK (13ms)
[wrangler:info] GET /api/v1/billing/balance 200 OK (30ms)
[wrangler:info] GET /api/v1/bookings 200 OK (23ms)
[wrangler:info] GET /api/v1/auth/me 200 OK (36ms)
[wrangler:info] GET /api/v1/billing/balance 200 OK (39ms)
[wrangler:info] GET /api/v1/bookings/cf-i06/invoice 200 OK (21ms)
[wrangler:info] GET /api/v1/bookings/cf-i06/extra-charges 200 OK (39ms)
[wrangler:info] GET /api/v1/bookings/cf-i06/payments 200 OK (40ms)
[wrangler:info] POST /api/v1/bookings/cf-i06/payments 200 OK (18ms)
[wrangler:info] GET /api/v1/bookings 200 OK (21ms)
[wrangler:info] GET /api/v1/bookings/cf-i06/invoice 200 OK (11ms)
[wrangler:info] GET /api/v1/bookings/cf-i06/payments 200 OK (23ms)
[wrangler:info] GET /api/v1/bookings/cf-i06/extra-charges 200 OK (24ms)
[wrangler:info] GET /api/v1/bookings/cf-i06/payments 200 OK (8ms)
[wrangler:info] GET /api/v1/auth/me 200 OK (16ms)
[wrangler:info] GET /api/v1/auth/me 200 OK (21ms)
[wrangler:info] GET /api/v1/billing/balance 200 OK (30ms)
[wrangler:info] GET /api/v1/auth/me 200 OK (16ms)
[wrangler:info] GET /api/v1/bookings 200 OK (19ms)
[wrangler:info] GET /api/v1/billing/balance 200 OK (43ms)
[wrangler:info] GET /api/v1/bookings/cf-i06/invoice 200 OK (18ms)
[wrangler:info] GET /api/v1/bookings/cf-i06/payments 200 OK (46ms)
[wrangler:info] GET /api/v1/bookings/cf-i06/extra-charges 200 OK (45ms)
[wrangler:info] POST /api/v1/bookings/cf-i06/payments 200 OK (31ms)
[wrangler:info] GET /api/v1/bookings 200 OK (11ms)
[wrangler:info] GET /api/v1/bookings/cf-i06/invoice 200 OK (13ms)
[wrangler:info] GET /api/v1/bookings/cf-i06/payments 200 OK (25ms)
[wrangler:info] GET /api/v1/bookings/cf-i06/extra-charges 200 OK (24ms)
[wrangler:info] POST /api/v1/bookings/cf-i06/payments 409 Conflict (18ms)
[wrangler:info] GET /api/v1/bookings 200 OK (13ms)
[wrangler:info] GET /api/v1/bookings/cf-i06/invoice 200 OK (12ms)
[wrangler:info] GET /api/v1/bookings/cf-i06/payments 200 OK (24ms)
[wrangler:info] GET /api/v1/bookings/cf-i06/extra-charges 200 OK (27ms)
[wrangler:info] POST /api/v1/bookings/cf-i06/extra-charges 201 Created (32ms)
[wrangler:info] GET /api/v1/bookings 200 OK (12ms)
[wrangler:info] GET /api/v1/bookings/cf-i06/invoice 200 OK (10ms)
[wrangler:info] GET /api/v1/bookings/cf-i06/extra-charges 200 OK (21ms)
[wrangler:info] GET /api/v1/bookings/cf-i06/payments 200 OK (23ms)
[wrangler:info] POST /api/v1/bookings/cf-i06/extra-charges 201 Created (32ms)
[wrangler:info] GET /api/v1/bookings 200 OK (13ms)
[wrangler:info] GET /api/v1/bookings/cf-i06/invoice 200 OK (11ms)
[wrangler:info] GET /api/v1/bookings/cf-i06/extra-charges 200 OK (24ms)
[wrangler:info] GET /api/v1/bookings/cf-i06/payments 200 OK (24ms)
[wrangler:info] POST /api/v1/bookings/cf-i06/extra-charges 201 Created (32ms)
[wrangler:info] GET /api/v1/bookings 200 OK (12ms)
[wrangler:info] GET /api/v1/bookings/cf-i06/invoice 200 OK (12ms)
[wrangler:info] GET /api/v1/bookings/cf-i06/extra-charges 200 OK (26ms)
[wrangler:info] GET /api/v1/bookings/cf-i06/payments 200 OK (27ms)
[wrangler:info] POST /api/v1/bookings/cf-i06/extra-charges 201 Created (29ms)
[wrangler:info] GET /api/v1/bookings 200 OK (16ms)
[wrangler:info] GET /api/v1/bookings/cf-i06/invoice 200 OK (11ms)
[wrangler:info] GET /api/v1/bookings/cf-i06/extra-charges 200 OK (22ms)
[wrangler:info] GET /api/v1/bookings/cf-i06/payments 200 OK (22ms)
[wrangler:info] POST /api/v1/bookings/cf-i06/extra-charges 201 Created (68ms)
[wrangler:info] GET /api/v1/bookings 200 OK (12ms)
[wrangler:info] GET /api/v1/bookings/cf-i06/invoice 200 OK (13ms)
[wrangler:info] GET /api/v1/bookings/cf-i06/extra-charges 200 OK (24ms)
[wrangler:info] GET /api/v1/bookings/cf-i06/payments 200 OK (22ms)
[wrangler:info] POST /api/v1/bookings/cf-i06/extra-charges 201 Created (55ms)
[wrangler:info] GET /api/v1/bookings 200 OK (29ms)
[wrangler:info] GET /api/v1/bookings/cf-i06/invoice 200 OK (9ms)
[wrangler:info] GET /api/v1/bookings/cf-i06/payments 200 OK (23ms)
[wrangler:info] GET /api/v1/bookings/cf-i06/extra-charges 200 OK (24ms)
[wrangler:info] GET /api/v1/billing/balance 200 OK (38ms)
[wrangler:info] POST /api/v1/bookings/cf-i06/payments 200 OK (28ms)
[wrangler:info] POST /api/v1/billing/close-cash 409 Conflict (19ms)
[wrangler:info] GET /api/v1/billing/balance 200 OK (20ms)
[wrangler:info] GET /api/v1/billing/balance 200 OK (20ms)
[wrangler:info] POST /api/v1/billing/close-cash 200 OK (19ms)
[wrangler:info] GET /api/v1/billing/balance 200 OK (16ms)
[wrangler:info] GET /api/v1/auth/me 200 OK (17ms)
[wrangler:info] GET /api/v1/auth/me 200 OK (12ms)
[wrangler:info] GET /api/v1/auth/me 200 OK (13ms)
[wrangler:info] GET /api/v1/bookings 200 OK (17ms)
[wrangler:info] GET /api/v1/bookings/cf-i06/invoice 200 OK (18ms)
[wrangler:info] GET /api/v1/bookings/cf-i06/payments 200 OK (36ms)
[wrangler:info] GET /api/v1/bookings/cf-i06/extra-charges 200 OK (36ms)
[wrangler:info] GET /api/v1/rooms 200 OK (39ms)
[wrangler:info] GET /api/v1/guests 200 OK (39ms)
[wrangler:info] GET /api/v1/reservation-creation-operations 200 OK (68ms)
[wrangler:info] GET /api/v1/front-desk/board 200 OK (68ms)
[wrangler:info] GET /api/v1/bookings/cf-i06 200 OK (66ms)
[wrangler:info] GET /api/v1/rooms 200 OK (37ms)
[wrangler:info] GET /api/v1/guests 200 OK (35ms)
[wrangler:info] GET /api/v1/reservation-creation-operations 200 OK (22ms)
[wrangler:info] GET /api/v1/front-desk/board 200 OK (29ms)
[wrangler:info] GET /api/v1/bookings/cf-i06 200 OK (29ms)
[wrangler:info] GET /api/v1/bookings/cf-i06/invoice 200 OK (10ms)
[wrangler:info] GET /api/v1/rooms/available 200 OK (17ms)
[wrangler:info] GET /api/v1/auth/me 200 OK (16ms)
[wrangler:info] GET /api/v1/auth/me 200 OK (12ms)
[wrangler:info] GET /api/v1/bookings 200 OK (18ms)
[wrangler:info] GET /api/v1/bookings/cf-i06/invoice 200 OK (19ms)
[wrangler:info] GET /api/v1/bookings/cf-i06/payments 200 OK (29ms)
[wrangler:info] GET /api/v1/bookings/cf-i06/extra-charges 200 OK (27ms)
[wrangler:info] GET /api/v1/guests 200 OK (26ms)
[wrangler:info] GET /api/v1/rooms 200 OK (27ms)
[wrangler:info] GET /api/v1/front-desk/board 200 OK (51ms)
[wrangler:info] GET /api/v1/reservation-creation-operations 200 OK (52ms)
[wrangler:info] GET /api/v1/bookings/cf-i06 200 OK (52ms)
[wrangler:info] GET /api/v1/guests 200 OK (36ms)
[wrangler:info] GET /api/v1/rooms 200 OK (37ms)
[wrangler:info] GET /api/v1/front-desk/board 200 OK (45ms)
[wrangler:info] GET /api/v1/reservation-creation-operations 200 OK (35ms)
[wrangler:info] GET /api/v1/bookings/cf-i06 200 OK (43ms)
[wrangler:info] GET /api/v1/bookings/cf-i06/invoice 200 OK (11ms)
[wrangler:info] GET /api/v1/rooms/available 200 OK (7ms)
