npm notice run wrangler:dry-run
npm notice run npx wrangler deploy --dry-run -c apps/api/wrangler.jsonc && npx wrangler deploy --dry-run -c apps/web/wrangler.jsonc
npm notice run npx
npm notice run 'wrangler' deploy --dry-run -c apps/api/wrangler.jsonc

 ⛅️ wrangler 4.125.0 (update available 4.144.0)
───────────────────────────────────────────────
Total Upload: 313.99 KiB / gzip: 64.73 KiB
Your Worker has access to the following bindings:
Binding                                                              Resource
env.CONTROL_DB (hms-control-local)                                   D1 Database
env.HOTEL_DEMO_DB (hms-hotel-demo-local)                             D1 Database
env.HOTEL_SECOND_DB (hms-hotel-second-local)                         D1 Database
env.ENVIRONMENT ("development")                                      Environment Variable
env.ACCESS_TEAM_DOMAIN ("https://example.cloudflareaccess.com")      Environment Variable
env.ACCESS_AUDIENCE ("local-development")                            Environment Variable
env.LOCAL_DEV_AUTH ("false")                                         Environment Variable

--dry-run: exiting now.
npm notice run npx
npm notice run 'wrangler' deploy --dry-run -c apps/web/wrangler.jsonc

 ⛅️ wrangler 4.125.0 (update available 4.144.0)
───────────────────────────────────────────────
✨ Read 7 files from the assets directory /home/sjo1848/dev/hms-elite-cloudflare/hms-block-b-reception/apps/web/dist
Total Upload: 1.10 KiB / gzip: 0.49 KiB
Your Worker has access to the following bindings:
Binding            Resource
env.ASSETS         Assets

--dry-run: exiting now.
