npm notice run test:cf-i06-browser
npm notice run bash scripts/cf-i06-browser-regression.sh
npm notice run npx
npm notice run 'playwright-cli' -s cf-i06-billing-rework1 open about:blank
npm notice run npx
npm notice run 'playwright-cli' -s cf-i06-billing-rework1 run-code --filename scripts/cf-i06-browser-regression.playwright.js
### Result
[{"width":375,"scrollWidth":375,"selected":"cf-i06","materialAction":"payment+overpay"},{"width":390,"scrollWidth":390,"selected":"cf-i06","materialAction":"responsive"},{"width":430,"scrollWidth":430,"selected":"cf-i06","materialAction":"responsive"},{"width":768,"scrollWidth":768,"selected":"cf-i06","materialAction":"responsive"},{"width":1024,"scrollWidth":1024,"selected":"cf-i06","materialAction":"responsive"}]
### Ran Playwright code
```js
await ((page) => (async () => {
  await page.setExtraHTTPHeaders({ "x-local-access-subject": "subject-a", "x-local-access-email": "a@test", "x-hotel-id": "hotel-a" });
  await page.addInitScript(() => localStorage.setItem("hms.locale", "en"));
  const widths = [375, 390, 430, 768, 1024];
  const results = [];
  await page.goto("http://127.0.0.1:4195/billing");
  await page.getByRole("heading", { name: "Billing and payments" }).waitFor();
  const booking = page.getByRole("combobox", { name: "Billing booking" });
  await booking.selectOption("cf-i06");
  await page.getByRole("heading", { name: /CF-I06 Guest · Invoice/ }).waitFor();
  const paymentAmount = page.getByRole("spinbutton", { name: "Billing payment amount" });
  try { await paymentAmount.waitFor({ state: "visible", timeout: 5000 }); }
  catch {
    const diagnostics = await page.evaluate(() => ({ capabilities: document.querySelector(".app-content")?.getAttribute("data-hotel-capabilities"), inputs: [...document.querySelectorAll("input")].map(input => ({ type: input.type, label: input.getAttribute("aria-label"), visible: Boolean(input.getClientRects().length) })), alerts: [...document.querySelectorAll('[role="alert"]')].map(alert => alert.textContent), statuses: [...document.querySelectorAll('[role="status"]')].map(status => status.textContent) }));
    throw new Error(`billing payment form unavailable: ${JSON.stringify(diagnostics)}`);
  }
  let paymentRequest = 0;
  await page.route("**/api/v1/bookings/cf-i06/payments", async route => {
    paymentRequest += 1;
    if (paymentRequest === 1) {
      await route.fetch();
      await route.abort("connectionreset");
      return;
    }
    await route.continue();
  });
  await paymentAmount.fill("2");
  await page.getByRole("button", { name: "Register payment" }).click();
  await page.getByRole("alert").waitFor();
  await booking.selectOption("cf-i06");
  await paymentAmount.waitFor({ state: "visible" });
  await page.getByText(/Payment ·.*0\.02/).waitFor();
  if (await page.getByText(/Payment ·.*0\.02/).count() !== 1) throw new Error("ambiguous retry created duplicate payment");
  await page.unroute("**/api/v1/bookings/cf-i06/payments");
  await page.reload();
  await page.getByRole("heading", { name: "Billing and payments" }).waitFor();
  await page.getByRole("spinbutton", { name: "Billing payment amount" }).waitFor({ state: "visible" });

  for (const width of widths) {
    await page.setViewportSize({ width, height: 812 });
    await page.waitForTimeout(100);
    const scrollWidth = await page.evaluate(() => document.documentElement.scrollWidth);
    if (scrollWidth > width) throw new Error(`billing horizontal overflow at ${width}: ${scrollWidth}`);
    if (width === 375) {
      await page.getByRole("spinbutton", { name: "Billing payment amount" }).fill("1");
      await page.getByRole("button", { name: "Register payment" }).click();
      await page.getByText(/Payment ·.*0\.01/).first().waitFor();
      await page.waitForTimeout(500);
      await page.getByRole("spinbutton", { name: "Billing payment amount" }).fill("20000");
      await page.getByRole("button", { name: "Register payment" }).click();
      await page.getByRole("alert").waitFor();
      await booking.selectOption("cf-i06");
      await page.getByRole("textbox", { name: "Billing charge description" }).waitFor({ state: "visible" });
    }
    results.push({ width, scrollWidth, selected: await booking.inputValue(), materialAction: width === 375 ? "payment+overpay" : "responsive" });
  }
  for (const width of widths) {
    await page.setViewportSize({ width, height: 812 });
    const description = page.getByRole("textbox", { name: "Billing charge description" });
    await description.fill(`Browser width ${width}`);
    await page.getByRole("spinbutton", { name: "Billing charge amount" }).fill("1");
    await page.getByRole("button", { name: "Add extra charge" }).click();
    await page.getByText(new RegExp(`Browser width ${width}`)).waitFor();
    await page.waitForTimeout(500);
  }

  const refresh = page.getByRole("button", { name: "Refresh balance" });
  await refresh.click();
  const staleExpected = await page.getByRole("spinbutton", { name: "Expected cash cents" }).inputValue();
  await page.evaluate(async () => {
    await fetch("/api/v1/bookings/cf-i06/payments", {
      method: "POST", headers: { "content-type": "application/json" },
      body: JSON.stringify({ amount_cents: 1, payment_method: "CASH", payment_reference: "browser-stale" }),
    });
  });
  await page.getByRole("spinbutton", { name: "Counted cash cents" }).fill(staleExpected);
  await page.getByRole("textbox", { name: "Handoff to" }).fill("Browser stale");
  await page.getByRole("button", { name: "Close cash shift" }).click();
  await page.getByText(/Cash shift balance changed/).waitFor();

  await refresh.click();
  const currentExpected = await page.getByRole("spinbutton", { name: "Expected cash cents" }).inputValue();
  await page.getByRole("spinbutton", { name: "Counted cash cents" }).fill(currentExpected);
  await page.getByRole("textbox", { name: "Handoff to" }).fill("Browser success");
  await page.getByRole("textbox", { name: "Close notes" }).fill("Browser close proof");
  await page.getByRole("button", { name: "Close cash shift" }).click();
  await page.getByRole("status").filter({ hasText: /Shift closed/ }).waitFor();
  await page.screenshot({ path: "output/playwright/cf-i06-billing.png", fullPage: true });
  return results;
})()
)(page);
```
### Page
- Page URL: http://127.0.0.1:4195/billing
- Page Title: HMS Elite
- Console: 2 errors, 0 warnings
### Events
- New console entries: .playwright-cli/console-2026-09-30T05-51-34-521Z.log#L1-L6
CF-I06 browser responsive/error/close regression PASS
