LOCAL_STATE_MATERIALIZED: /home/sjo1848/dev/hms-elite-cloudflare/hms-cloudflare/.hms-local/p0-1-QBRoTK
P0.1 local D1 fixture ready: 2026-09-26 at /home/sjo1848/dev/hms-elite-cloudflare/hms-cloudflare/.hms-local/p0-1-QBRoTK
npm notice run npx
npm notice run 'playwright-cli' -s ux-checkin-55130 open about:blank
npm notice run npx
npm notice run 'playwright-cli' -s ux-checkin-55130 run-code --filename scripts/p0-1-arrival-integrated.playwright.js
### Ran Playwright code
```js
await (page => (async () => {
  const apiRoot = "/api/v1";
  const adminHeaders = {
    "content-type": "application/json",
    "x-local-access-subject": "source-user:14000000-0000-0000-0000-000000000001",
    "x-local-access-email": "ana-admin@migration.invalid",
    "x-hotel-id": "10000000-0000-0000-0000-000000000001",
  };
  async function adminPost(path, body) {
    return page.evaluate(async ({ path, body, apiRoot, adminHeaders }) => {
      const response = await fetch(`${apiRoot}${path}`, { method: "POST", headers: adminHeaders, body: JSON.stringify(body) });
      const payload = await response.json();
      if (!response.ok) throw new Error(`Admin fixture command ${path} failed ${response.status}: ${JSON.stringify(payload)}`);
      return payload;
    }, { path, body, apiRoot, adminHeaders });
  }
  async function enterCheckIn(dialog) {
    await dialog.getByLabel("Final guest count").fill("2");
    await dialog.getByLabel("Document verified").check();
    await dialog.getByRole("button", { name: "Next step" }).click();
    await dialog.getByLabel("Contact confirmed").check();
    await dialog.getByLabel("Stay confirmed").check();
    await dialog.getByRole("button", { name: "Next step" }).click();
  }
  const setupPage = async (target, width) => {
    await target.addInitScript(() => { localStorage.setItem("hms.locale", "en"); localStorage.setItem("hms-local-acceptance-profile", "1"); });
    await target.setViewportSize({ width, height: width < 500 ? 812 : 900 });
    await target.goto("http://127.0.0.1:4174/bookings");
    await target.waitForFunction(() => document.querySelector(".header-context")?.textContent?.includes("Hotel Norte") === true && !document.querySelector(".header-context")?.textContent?.includes("Loading"));
    await target.getByRole("button", { name: /^Arrivals / }).click();
    await target.getByLabel("Search this shift").fill("Arrival");
    await target.locator(".reception-queue-row").first().waitFor();
  };

  const checkInStatuses = [];
  const checkInRequests = [];
  page.on("request", request => { if (request.url().endsWith("/bookings/z-priority/check-in")) checkInRequests.push(request); });
  page.on("response", response => { if (response.url().endsWith("/bookings/z-priority/check-in")) checkInStatuses.push(response.status()); });
  await setupPage(page, 375);
  await page.screenshot({ path: "output/playwright/ux-ui-checkin-mobile-reception.png" });
  const rows = page.locator(".reception-queue-row");
  if ((await rows.first().getAttribute("data-booking-id")) !== "z-priority") throw new Error("Real board priority mismatch");
  await rows.first().click();
  const task = page.getByRole("dialog", { name: "Next action: check-in verification" });
  await task.waitFor();
  if (!(await task.evaluate(element => element.classList.contains("ui-drawer-popup") && !element.classList.contains("ui-dialog-content")))) throw new Error("Mobile check-in did not select the Drawer surface");
  const mobileBounds = await task.evaluate(element => { const rect = element.getBoundingClientRect(); return { left: rect.left, right: rect.right, width: rect.width, viewport: innerWidth }; });
  if (mobileBounds.left < 0 || Math.abs(mobileBounds.width - mobileBounds.viewport) > 1) throw new Error(`Mobile check-in is not full-screen: ${JSON.stringify(mobileBounds)}`);
  if ((await task.getAttribute("aria-labelledby")) !== "checkin-task-title" || (await task.getAttribute("aria-describedby")) !== "checkin-task-description") throw new Error("Mobile task title/description are not programmatically associated");
  const mobileLayout = await task.evaluate(element => {
    const headerElement = element.querySelector(".checkin-task-header");
    const body = element.querySelector(".checkin-task-body");
    const footerElement = element.querySelector(".checkin-task-actions");
    const ctaElement = element.querySelector(".checkin-task-actions button[type=submit]");
    if (!headerElement || !body || !footerElement || !ctaElement) throw new Error("Check-in layout elements missing");
    const header = headerElement.getBoundingClientRect();
    const footer = footerElement.getBoundingClientRect();
    const cta = ctaElement.getBoundingClientRect();
    return { headerTop: header.top, footerBottom: footer.bottom, bodyOverflow: getComputedStyle(body).overflowY, ctaHeight: cta.height, viewport: innerHeight };
  });
  if (mobileLayout.headerTop !== 0 || Math.abs(mobileLayout.footerBottom - mobileLayout.viewport) > 1 || mobileLayout.bodyOverflow !== "auto" || mobileLayout.ctaHeight < 44) throw new Error(`Mobile task layout is not a full-height scrollable task: ${JSON.stringify(mobileLayout)}`);
  await page.waitForFunction(() => document.activeElement?.classList.contains("checkin-step-heading"));
  await page.keyboard.press("Tab");
  if (!(await task.evaluate(element => element.contains(document.activeElement)))) throw new Error("Mobile Drawer Tab navigation escaped the task");
  await page.keyboard.press("Escape");
  await task.waitFor({ state: "hidden" });
  await page.waitForFunction(() => document.activeElement?.getAttribute("data-booking-id") === "z-priority");
  await page.locator('[data-booking-id="z-priority"]').click();
  await task.waitFor();
  await page.waitForFunction(() => document.activeElement?.classList.contains("checkin-step-heading"));
  await enterCheckIn(task);
  await task.getByText("Room ready for arrival", { exact: true }).waitFor();
  await page.screenshot({ path: "output/playwright/ux-ui-checkin-mobile-drawer.png" });

  // Another actor opens real BLOCKING maintenance after the receptionist's preview.
  const opened = await adminPost("/housekeeping/p01-room-a/maintenance", { priority: "HIGH", impact: "BLOCKING", reason: "Electrical hazard found during arrival", assigned_to: "ops" });
  await task.getByRole("button", { name: "Next step" }).click();
  await task.getByRole("button", { name: "Complete check-in" }).evaluate(button => { (button).click(); (button).click(); });
  await task.getByRole("alert").getByText("The booking or room changed").waitFor();
  await task.getByText("Blocking maintenance: check-in cannot continue").waitFor();
  if (await task.getByRole("button", { name: "Next step" }).isEnabled()) throw new Error("Stale room allowed retry");
  const conflictSnapshot = await page.evaluate(async () => {
    const headers = { "x-local-access-subject": "source-user:14000000-0000-0000-0000-000000000002", "x-local-access-email": "leo-reception@migration.invalid", "x-hotel-id": "10000000-0000-0000-0000-000000000001" };
    const read = async path => { const response = await fetch(path, { headers }); return { status: response.status, body: await response.json() }; };
    const [bookings, rooms, invoice, payments] = await Promise.all([read("/api/v1/bookings?limit=100"), read("/api/v1/rooms"), read("/api/v1/bookings/z-priority/invoice"), read("/api/v1/bookings/z-priority/payments")]);
    return { bookings, rooms, invoice, payments };
  });
  if ([conflictSnapshot.bookings, conflictSnapshot.rooms, conflictSnapshot.invoice, conflictSnapshot.payments].some(result => result.status !== 200)) throw new Error(`Reception could not read the authoritative conflict snapshot: ${JSON.stringify(conflictSnapshot)}`);
  const conflictBooking = conflictSnapshot.bookings.body.find(item => item.id === "z-priority");
  const conflictRoom = conflictSnapshot.rooms.body.find(item => item.id === "p01-room-a");
  if (conflictBooking?.status !== "Confirmed" || conflictBooking?.room_id !== "p01-room-a" || conflictBooking?.total_cents !== 40000 || conflictRoom?.status !== "Maintenance" || conflictSnapshot.invoice.body?.amount_cents !== 40000 || conflictSnapshot.invoice.body?.paid_amount_cents !== 0 || conflictSnapshot.payments.body.length !== 0) throw new Error(`409 changed authoritative booking/billing state before retry: ${JSON.stringify(conflictSnapshot)}`);
  const mobileSummary = await task.locator(".checkin-status-summary").evaluate(element => {
    const bounds = element.getBoundingClientRect();
    const headerBounds = element.closest(".checkin-task").querySelector(".checkin-task-header").getBoundingClientRect();
    return { visible: bounds.top >= headerBounds.bottom && bounds.bottom <= innerHeight, top: bounds.top, headerBottom: headerBounds.bottom };
  });
  if (!mobileSummary.visible) throw new Error(`Mobile conflict summary is clipped by the stable header: ${JSON.stringify(mobileSummary)}`);
  await page.screenshot({ path: "output/playwright/ux-ui-checkin-mobile-blocking-conflict.png" });
  await task.locator(".checkin-task-body").evaluate(body => { body.scrollTop = body.scrollHeight; });
  const visibleBlocker = await task.locator(".checkin-readiness").evaluate(element => {
    const bounds = element.getBoundingClientRect();
    const bodyBounds = element.closest(".checkin-task-body").getBoundingClientRect();
    const blockingText = element.querySelector(".checkin-not-ready").getBoundingClientRect();
    return { visible: bounds.top >= bodyBounds.top && bounds.bottom <= bodyBounds.bottom, blockingTextVisible: blockingText.top >= bodyBounds.top && blockingText.bottom <= bodyBounds.bottom, scrollTop: element.closest(".checkin-task-body").scrollTop };
  });
  if (!visibleBlocker.visible || !visibleBlocker.blockingTextVisible || visibleBlocker.scrollTop <= 0) throw new Error(`Mobile blocker details cannot be fully scrolled above the sticky CTA: ${JSON.stringify(visibleBlocker)}`);
  await page.screenshot({ path: "output/playwright/ux-ui-checkin-mobile-blocking-conflict-detail.png" });

  await adminPost(`/housekeeping/p01-room-a/maintenance/${opened.id}/resolve`, { resolution_note: "Electrical hazard repaired and inspected" });
  await adminPost("/housekeeping/p01-room-a/start", {});
  await adminPost("/housekeeping/p01-room-a/finish", {});
  await task.getByRole("button", { name: "Refresh status" }).click();
  await task.getByRole("button", { name: "Next step" }).click();
  await task.getByRole("button", { name: "Complete check-in" }).click();
  await task.waitFor({ state: "hidden" });
  if (checkInStatuses.join(",") !== "409,200") throw new Error(`Expected one real 409 then success: ${checkInStatuses}`);
  if (checkInRequests.length !== 2) throw new Error(`Expected one initial 409 request and one successful retry, got ${checkInRequests.length}`);
  if ((await page.locator(".reception-queue-row.selected").getAttribute("data-booking-id")) !== "a-next") throw new Error("Real refresh selected wrong next case");
  await page.waitForFunction(() => document.activeElement?.getAttribute("data-booking-id") === "a-next");
  const mobileUrl = await page.evaluate(() => { const url = new URL(location.href); return { booking: url.searchParams.get("booking_id"), task: url.searchParams.has("task"), lane: url.searchParams.get("lane") }; });
  if (mobileUrl.booking !== "a-next" || mobileUrl.task || mobileUrl.lane !== "arrivals") throw new Error("Mobile URL did not preserve arrival lane and authoritative next case");
  if ((await page.getByLabel("Search this shift").inputValue()) !== "Arrival") throw new Error("Mobile search context lost");
  await page.screenshot({ path: "output/playwright/ux-ui-checkin-mobile-success-return.png" });
  await page.locator('[data-booking-id="a-next"]').click();
  await enterCheckIn(task);
  await task.getByText("Maintenance advisory").waitFor();
  await page.screenshot({ path: "output/playwright/ux-ui-checkin-mobile-nonblocking-advisory.png" });

  const desktop = await page.context().browser().newPage();
  try {
    await setupPage(desktop, 1280);
    await desktop.screenshot({ path: "output/playwright/ux-ui-checkin-desktop-reception.png" });
    await desktop.locator('[data-booking-id="a-next"]').click();
    const desktopTask = desktop.getByRole("dialog", { name: "Next action: check-in verification" });
    await desktopTask.waitFor();
    const desktopBounds = await desktopTask.evaluate(element => { const rect = element.getBoundingClientRect(); const header = element.querySelector(".checkin-task-header").getBoundingClientRect(); const footer = element.querySelector(".checkin-task-actions").getBoundingClientRect(); const body = element.querySelector(".checkin-task-body"); return { left: rect.left, right: rect.right, top: rect.top, bottom: rect.bottom, width: rect.width, height: rect.height, viewport: innerWidth, viewportHeight: innerHeight, centerX: rect.left + rect.width / 2, centerY: rect.top + rect.height / 2, headerTop: header.top, footerBottom: footer.bottom, bodyOverflow: getComputedStyle(body).overflowY, backdrop: getComputedStyle(element, "::backdrop").backgroundColor, dialogSlot: element.getAttribute("data-slot"), side: element.getAttribute("data-side"), classes: element.className }; });
    if (Math.abs(desktopBounds.centerX - desktopBounds.viewport / 2) > 1 || Math.abs(desktopBounds.centerY - desktopBounds.viewportHeight / 2) > 1 || desktopBounds.width < 560 || desktopBounds.width > 760 || desktopBounds.height >= desktopBounds.viewportHeight || desktopBounds.height < 600 || desktopBounds.bodyOverflow !== "auto" || desktopBounds.headerTop <= desktopBounds.top || desktopBounds.footerBottom >= desktopBounds.bottom || desktopBounds.backdrop === "rgba(0, 0, 0, 0)") throw new Error(`Desktop check-in Dialog is not centered, bounded, layered, and internally scrollable: ${JSON.stringify(desktopBounds)}`);
    if (desktopBounds.dialogSlot !== "dialog-content" || desktopBounds.side !== null || !desktopBounds.classes.includes("ui-dialog-content")) throw new Error(`Desktop Dialog retained Sheet semantics: ${JSON.stringify(desktopBounds)}`);
    const receptionHeadingBounds = await desktop.getByRole("heading", { name: "Reception", exact: true }).evaluate(element => { const rect = element.getBoundingClientRect(); return { left: rect.left, right: rect.right, top: rect.top, bottom: rect.bottom, width: rect.width, height: rect.height, visible: getComputedStyle(element).visibility !== "hidden" && getComputedStyle(element).display !== "none" }; });
    const receptionHeadingOverlapped = receptionHeadingBounds.right > desktopBounds.left && receptionHeadingBounds.left < desktopBounds.right && receptionHeadingBounds.bottom > desktopBounds.top && receptionHeadingBounds.top < desktopBounds.bottom;
    if (!receptionHeadingBounds.visible || receptionHeadingBounds.width <= 0 || receptionHeadingBounds.height <= 0 || receptionHeadingOverlapped) throw new Error(`Reception page context is not visibly present outside the centered Dialog: ${JSON.stringify({ receptionHeadingBounds, desktopBounds })}`);
    await desktop.screenshot({ path: "output/playwright/ux-ui-checkin-desktop-dialog.png" });
    await desktop.setViewportSize({ width: 1280, height: 520 });
    const compactDialogScroll = await desktopTask.evaluate(element => { const header = element.querySelector(".checkin-task-header").getBoundingClientRect(); const footer = element.querySelector(".checkin-task-actions").getBoundingClientRect(); const body = element.querySelector(".checkin-task-body"); const dialog = element.getBoundingClientRect(); body.scrollTop = body.scrollHeight; return { scrollTop: body.scrollTop, scrollRange: body.scrollHeight - body.clientHeight, headerTop: header.top, dialogTop: dialog.top, footerBottom: footer.bottom, dialogBottom: dialog.bottom, viewportHeight: innerHeight }; });
    if (compactDialogScroll.scrollRange <= 0 || compactDialogScroll.scrollTop <= 0 || compactDialogScroll.headerTop <= compactDialogScroll.dialogTop || Math.abs(compactDialogScroll.footerBottom - compactDialogScroll.dialogBottom) > 1 || compactDialogScroll.footerBottom > compactDialogScroll.viewportHeight) throw new Error(`Desktop Dialog body did not scroll independently with fixed header/footer/CTA: ${JSON.stringify(compactDialogScroll)}`);
    await desktop.setViewportSize({ width: 1280, height: 900 });
    await desktopTask.locator(".checkin-task-body").evaluate(body => { body.scrollTop = 0; });
    await desktop.waitForFunction(() => document.activeElement?.classList.contains("checkin-step-heading"));
    await desktop.keyboard.press("Tab");
    if (!(await desktopTask.evaluate(element => element.contains(document.activeElement)))) throw new Error("Desktop Dialog Tab navigation escaped the task");
    await desktop.keyboard.press("Shift+Tab");
    if (!(await desktopTask.evaluate(element => element.contains(document.activeElement)))) throw new Error("Desktop Dialog reverse Tab navigation escaped the task");
    await desktop.keyboard.press("Escape");
    await desktopTask.waitFor({ state: "hidden" });
    await desktop.waitForFunction(() => document.activeElement?.getAttribute("data-booking-id") === "a-next");
    await desktop.getByRole("button", { name: "More actions" }).click();
    const actions = desktop.getByRole("menu", { name: "More actions" });
    await actions.getByRole("menuitem", { name: "Edit booking" }).waitFor();
    await desktop.keyboard.press("ArrowDown");
    await desktop.keyboard.press("ArrowUp");
    await desktop.keyboard.press("Tab");
    if (await actions.count()) throw new Error("Dropdown menu remained open after Tab");
    if (await desktop.getByRole("button", { name: "More actions" }).evaluate(button => button === document.activeElement) || await actions.count()) throw new Error("Dropdown Tab did not advance focus out of the menu");
    await desktop.getByRole("button", { name: "More actions" }).click();
    await desktop.keyboard.press("Enter");
    await desktop.getByRole("form", { name: "Edit booking" }).waitFor();
    await desktop.getByRole("button", { name: "More actions" }).click();
    await desktop.getByRole("menuitem", { name: "Close", exact: true }).click();
    await desktop.getByRole("form", { name: "Edit booking" }).waitFor({ state: "detached" });
    await desktop.locator(".reception-checkin-trigger").click();
    await desktopTask.waitFor();
    await enterCheckIn(desktopTask);
    await desktopTask.getByText("Maintenance advisory").waitFor();
    await desktop.screenshot({ path: "output/playwright/ux-ui-checkin-desktop-nonblocking-advisory.png" });
    await adminPost("/housekeeping/p01-room-b/maintenance/p01-advisory/resolve", { resolution_note: "Advisory inspection completed before the concurrent blocking report" });
    const desktopOpened = await adminPost("/housekeeping/p01-room-b/maintenance", { priority: "HIGH", impact: "BLOCKING", reason: "Electrical hazard found during arrival", assigned_to: "ops" });
    await desktopTask.getByRole("button", { name: "Next step" }).click();
    await desktopTask.getByRole("button", { name: "Complete check-in" }).click();
    await desktopTask.getByRole("alert").getByText("The booking or room changed").waitFor();
    await desktopTask.getByText("Blocking maintenance: check-in cannot continue").waitFor();
    await desktop.screenshot({ path: "output/playwright/ux-ui-checkin-desktop-conflict.png" });
    await adminPost(`/housekeeping/p01-room-b/maintenance/${desktopOpened.id}/resolve`, { resolution_note: "Electrical hazard repaired and inspected" });
    await adminPost("/housekeeping/p01-room-b/start", {});
    await adminPost("/housekeeping/p01-room-b/finish", {});
    await desktopTask.getByRole("button", { name: "Refresh status" }).click();
    await desktopTask.getByRole("button", { name: "Next step" }).click();
    await desktopTask.getByRole("button", { name: "Complete check-in" }).click();
    await desktopTask.waitFor({ state: "hidden" });
    await desktop.screenshot({ path: "output/playwright/ux-ui-checkin-desktop-success-return.png" });
    if ((await desktop.locator(".reception-queue-row.selected").getAttribute("data-booking-id")) !== "m-blocked") throw new Error("Desktop next case did not follow server priority");
    await desktop.locator('[data-booking-id="m-blocked"]').click();
    await enterCheckIn(desktopTask);
    await desktopTask.getByText("Blocking maintenance: check-in cannot continue").waitFor();
    if (await desktopTask.getByRole("button", { name: "Next step" }).isEnabled()) throw new Error("Real BLOCKING case allowed check-in");
    await desktop.screenshot({ path: "output/playwright/ux-ui-checkin-desktop-blocking.png" });
  } finally { await desktop.close(); }
  console.log("P0.1 INTEGRATED browser PASS: real Worker/D1 mobile 409→repair→success, desktop NON_BLOCKING success, BLOCKING guard, next priority");
})()
)(page);
```
### Page
- Page URL: http://127.0.0.1:4174/bookings?lane=arrivals&q=Arrival&booking_id=a-next&task=check-in
- Page Title: HMS Elite
- Console: 2 errors, 0 warnings
### Events
- New console entries: .playwright-cli/console-2026-09-27T02-14-45-443Z.log#L1-L3
npm notice run npx
npm notice run 'playwright-cli' -s ux-checkin-55130 run-code --filename scripts/p0-1-arrival-browser.playwright.js
### Ran Playwright code
```js
await (page => (async () => {
  await page.addInitScript(() => localStorage.setItem("hms.locale", "en"));
  let roomA = "Available";
  let statusA = "Confirmed";
  let checkInAttempts = 0;
  let failBoardOnce = false;
  let simulateRefreshFailure = false;
  const posts = [];
  const bookings = [
    { id: "a-later", guest_id: "guest-b", guest_name: "Guest Later", room_id: "room-b", room_number: "102", check_in: "2026-09-01", check_out: "2026-09-04", status: "Confirmed", total_cents: 30000, notes: null },
    { id: "m-blocked", guest_id: "guest-c", guest_name: "Guest Blocked", room_id: "room-c", room_number: "103", check_in: "2026-09-01", check_out: "2026-09-03", status: "Confirmed", total_cents: 20000, notes: null },
    { id: "z-priority", guest_id: "guest-a", guest_name: "Guest Priority", room_id: "room-a", room_number: "101", check_in: "2026-08-31", check_out: "2026-09-03", status: "Confirmed", total_cents: 20000, notes: null },
  ];
  const rooms = [
    { id: "room-a", room_number: "101", room_type: "STANDARD", price_cents: 10000, status: "Available" },
    { id: "room-b", room_number: "102", room_type: "STANDARD", price_cents: 10000, status: "Available" },
    { id: "room-c", room_number: "103", room_type: "STANDARD", price_cents: 10000, status: "Maintenance" },
  ];
  const board = () => ({
    date: "2026-09-01", generated_at: "2026-09-01T12:00:00Z",
    items: [
      { booking: { ...bookings[2], status: statusA }, lane: statusA === "Confirmed" ? "arrival" : "in-house", reason: statusA === "Confirmed" ? "arrival-overdue" : "in-house", attention: statusA === "Confirmed", priority: statusA === "Confirmed" ? 5 : 40, date: "2026-08-31", room_status: roomA, maintenance_case: null },
      { booking: bookings[0], lane: "arrival", reason: "arrival-today", attention: true, priority: 20, date: "2026-09-01", room_status: "Available", maintenance_case: { id: "advisory", status: "Open", impact: "NON_BLOCKING", reason: "Lamp inspection" } },
      { booking: bookings[1], lane: "arrival", reason: "arrival-today", attention: true, priority: 20, date: "2026-09-01", room_status: "Maintenance", maintenance_case: { id: "blocker", status: "Open", impact: "BLOCKING", reason: "Unsafe electrical outlet" } },
    ],
  });
  await page.route("**/api/v1/**", async route => {
    const url = route.request().url();
    const json = (body, status = 200) => route.fulfill({ status, contentType: "application/json", body: JSON.stringify(body) });
    if (url.endsWith("/front-desk/board")) {
      if (failBoardOnce) { failBoardOnce = false; return json({ error: { code: "INTERNAL_ERROR", message: "Temporary board failure" } }, 500); }
      return json(board());
    }
    if (url.endsWith("/bookings/z-priority/check-in") && route.request().method() === "POST") {
      posts.push(route.request().postDataJSON());
      if (++checkInAttempts === 1) { roomA = "Dirty"; failBoardOnce = simulateRefreshFailure; return json({ error: { code: "CONFLICT", message: "Room changed" } }, 409); }
      statusA = "CheckedIn"; roomA = "Occupied";
      return json({ id: "z-priority", status: "CheckedIn", room_status: "Occupied" });
    }
    if (url.endsWith("/rooms")) return json(rooms.map(room => room.id === "room-a" ? { ...room, status: roomA } : room));
    if (url.endsWith("/guests")) return json(bookings.map(booking => ({ id: booking.guest_id, full_name: booking.guest_name, email: `${booking.guest_id}@example.test`, phone: null })));
    if (url.endsWith("/bookings?limit=100")) return json(bookings.map(booking => booking.id === "z-priority" ? { ...booking, status: statusA } : booking));
    if (url.endsWith("/auth/me")) return json({ hotel_id: "hotel-a", hotel_name: "Hotel Norte", hotel_local_date: "2026-09-01", hotel_timezone: "America/Argentina/Mendoza" });
    if (url.endsWith("/invoice")) return json(null);
    if (url.endsWith("/payments") || url.endsWith("/extra-charges") || url.includes("/rooms/available?")) return json([]);
    return json([]);
  });

  for (const width of [375, 1280]) {
    statusA = "Confirmed"; roomA = "Available"; checkInAttempts = 0; posts.length = 0; simulateRefreshFailure = width === 375;
    await page.setViewportSize({ width, height: width === 375 ? 812 : 900 });
    await page.goto("http://127.0.0.1:4174/bookings");
    await page.getByRole("button", { name: /^Arrivals / }).click();
    await page.getByLabel("Search this shift").fill("Guest");
    const rows = page.locator(".reception-queue-row");
    if ((await rows.first().getAttribute("data-booking-id")) !== "z-priority") throw new Error("Queue did not follow canonical priority");
    await rows.first().click();
    const dialog = page.getByRole("dialog", { name: "Next action: check-in verification" });
    await dialog.waitFor();
    await page.waitForFunction(() => document.activeElement?.classList.contains("checkin-step-heading"));
    await dialog.getByLabel("Final guest count").fill("2");
    await dialog.getByLabel("Document verified").check();
    await dialog.getByRole("button", { name: "Next step" }).click();
    await dialog.getByLabel("Contact confirmed").check();
    await dialog.getByLabel("Stay confirmed").check();
    await dialog.getByRole("button", { name: "Next step" }).click();
    await dialog.getByText("Room ready for arrival", { exact: true }).waitFor();
    await page.screenshot({ path: width === 375 ? "output/playwright/p0-1-checkin-mobile-task.png" : "output/playwright/p0-1-checkin-desktop-task.png", fullPage: true });
    await dialog.getByRole("button", { name: "Next step" }).click();
    await dialog.getByRole("button", { name: "Complete check-in" }).click();
    if (simulateRefreshFailure) {
      await dialog.getByRole("alert").getByText("could not be loaded").waitFor();
      if (await dialog.getByRole("button", { name: "Next step" }).isEnabled()) throw new Error("Retry enabled after failed authoritative refresh");
      await dialog.getByRole("button", { name: "Refresh status" }).click();
    } else await dialog.getByRole("alert").getByText("The booking or room changed").waitFor();
    if (await dialog.getByRole("button", { name: "Next step" }).isEnabled()) throw new Error("Stale room allowed retry");
    roomA = "Available";
    await dialog.getByRole("button", { name: "Refresh status" }).click();
    await dialog.getByRole("button", { name: "Next step" }).click();
    await dialog.getByRole("button", { name: "Complete check-in" }).evaluate(button => { (button).click(); (button).click(); });
    await dialog.waitFor({ state: "hidden" });
    await page.waitForFunction(() => document.activeElement?.getAttribute("data-booking-id") === "a-later");
    if (posts.length !== 2 || posts[1].check_in_guests_count !== 2) throw new Error(`Check-in request count/payload mismatch: ${JSON.stringify(posts)}`);
    if (!(await page.getByRole("status").filter({ hasText: "Next case: Guest Later" }).count())) throw new Error("Next case feedback missing");
    if ((await page.locator(".reception-queue-row.selected").getAttribute("data-booking-id")) !== "a-later") throw new Error("Wrong next selected case");
    if ((await page.getByLabel("Search this shift").inputValue()) !== "Guest") throw new Error("Search context lost");
    if (!(await page.getByRole("button", { name: /^Arrivals / }).getAttribute("class"))?.includes("selected")) throw new Error("Filter context lost");
    await page.locator('[data-booking-id="a-later"]').click();
    await dialog.waitFor();
    await page.goBack();
    await dialog.waitFor({ state: "hidden" });
    await page.goForward();
    await dialog.waitFor();
    await dialog.getByText("Guest Later").waitFor();
    await dialog.getByLabel("Final guest count").fill("2");
    await page.goBack();
    await dialog.getByText("Discard verification?").waitFor();
    if (!(await dialog.getByRole("button", { name: "Continue check-in" }).evaluate(button => button === document.activeElement))) throw new Error("Discard confirmation did not receive focus");
    await dialog.getByRole("button", { name: "Continue check-in" }).click();
    await dialog.getByText("Guest Later").waitFor();
    await dialog.getByRole("button", { name: "Close check-in task" }).click();
    await dialog.getByRole("button", { name: "Discard and close" }).click();
    await dialog.waitFor({ state: "hidden" });
    await page.waitForFunction(() => document.activeElement?.getAttribute("data-booking-id") === "a-later");
    await page.locator('[data-booking-id="m-blocked"]').click();
    await dialog.waitFor();
    if (!(await dialog.textContent())?.includes("Guest Blocked")) throw new Error(`Wrong task after dirty Back/discard: ${page.url()} :: ${await dialog.textContent()}`);
    await dialog.getByLabel("Document verified").check();
    await dialog.getByRole("button", { name: "Next step" }).click();
    await dialog.getByLabel("Contact confirmed").check(); await dialog.getByLabel("Stay confirmed").check();
    await dialog.getByRole("button", { name: "Next step" }).click();
    await dialog.getByText("Blocking maintenance: check-in cannot continue").waitFor();
    if (await dialog.getByRole("button", { name: "Next step" }).isEnabled()) throw new Error("BLOCKING arrival could proceed");
    await page.keyboard.press("Escape");
    await dialog.getByText("Discard verification?").waitFor();
    if (!(await dialog.getByRole("button", { name: "Continue check-in" }).evaluate(button => button === document.activeElement))) throw new Error("Escape discard confirmation did not receive focus");
    await dialog.getByRole("button", { name: "Discard and close" }).click();
    await dialog.waitFor({ state: "hidden" });
    if (width === 375) await page.screenshot({ path: "output/playwright/p0-1-arrival-mobile.png", fullPage: true });
    else await page.screenshot({ path: "output/playwright/p0-1-arrival-desktop.png", fullPage: true });
  }
  await page.getByRole("button", { name: /^All / }).click();
  await page.locator('[data-booking-id="z-priority"]').click();
  const selectedUrl = await page.evaluate(() => { const url = new URL(location.href); return { booking: url.searchParams.get("booking_id"), task: url.searchParams.has("task") }; });
  if (selectedUrl.booking !== "z-priority" || selectedUrl.task) throw new Error("Non-arrival selection left a stale task URL");

  statusA = "Confirmed"; roomA = "Available"; checkInAttempts = 1;
  await page.setViewportSize({ width: 375, height: 812 });
  await page.goto("http://127.0.0.1:4174/bookings");
  await page.getByRole("button", { name: /^Arrivals / }).click();
  await page.getByLabel("Search this shift").fill("Guest Priority");
  await page.locator('[data-booking-id="z-priority"]').click();
  const lastTask = page.getByRole("dialog", { name: "Next action: check-in verification" });
  await lastTask.getByLabel("Final guest count").fill("2");
  await lastTask.getByLabel("Document verified").check();
  await lastTask.getByRole("button", { name: "Next step" }).click();
  await lastTask.getByLabel("Contact confirmed").check();
  await lastTask.getByLabel("Stay confirmed").check();
  await lastTask.getByRole("button", { name: "Next step" }).click();
  await lastTask.getByRole("button", { name: "Next step" }).click();
  await lastTask.getByRole("button", { name: "Complete check-in" }).click();
  await lastTask.waitFor({ state: "hidden" });
  await page.getByRole("status").getByText("Check-in confirmed. The queue is up to date.").waitFor();
  await page.waitForFunction(() => document.activeElement?.closest(".reception-queue-tools") !== null);
  const noNextUrl = await page.evaluate(() => { const url = new URL(location.href); return { booking: url.searchParams.has("booking_id"), task: url.searchParams.has("task") }; });
  if (noNextUrl.booking || noNextUrl.task) throw new Error("No-next success left stale booking/task URL");
  console.log("P0.1 MOCK browser PASS: mobile/desktop, priority, readiness/BLOCKING, 409 recovery, authoritative refresh and next case");
})()
)(page);
```
### Page
- Page URL: http://127.0.0.1:4174/bookings?lane=arrivals&q=Guest+Priority
- Page Title: HMS Elite
### Events
- New console entries: .playwright-cli/console-2026-09-27T02-14-45-443Z.log#L4-L9
npm notice run npx
npm notice run 'playwright-cli' -s ux-checkin-55130 close
{"p0_1_integrated_d1":"PASS","bookings":[{"id":"a-next","room_id":"p01-room-b","check_in":"2026-09-26","check_out":"2026-09-29","status":"CHECKED_IN","total_cents":36000,"check_in_guests_count":2},{"id":"m-blocked","room_id":"p01-room-c","check_in":"2026-09-26","check_out":"2026-09-29","status":"CONFIRMED","total_cents":27000,"check_in_guests_count":null},{"id":"z-priority","room_id":"p01-room-a","check_in":"2026-09-25","check_out":"2026-09-29","status":"CHECKED_IN","total_cents":40000,"check_in_guests_count":2}],"rooms":[{"id":"p01-room-a","status":"OCCUPIED"},{"id":"p01-room-b","status":"OCCUPIED"},{"id":"p01-room-c","status":"MAINTENANCE"}],"events":[{"booking_id":"a-next","event_type":"CHECK_IN","count":1},{"booking_id":"z-priority","event_type":"CHECK_IN","count":1}],"invoices":[{"booking_id":"a-next","amount_cents":36000,"paid_amount_cents":0,"status":"PENDING"},{"booking_id":"m-blocked","amount_cents":27000,"paid_amount_cents":0,"status":"PENDING"},{"booking_id":"z-priority","amount_cents":40000,"paid_amount_cents":0,"status":"PENDING"}],"payments":{"count":0}}
P0.1 integrated browser + D1 PASS; local fixture retained at .hms-local/p0-1-QBRoTK
