
 ⛅️ wrangler 4.125.0 (update available 4.146.0)
───────────────────────────────────────────────
Resource location: remote

[33m▲ [43;33m[[43;30mWARNING[43;33m][0m [1m⚠️ This process may take some time, during which your D1 database will be unavailable to serve queries.[0m


🌀 Executing on remote database HOTEL_DEMO_DB (591729d8-f04a-4ee2-a6b7-1acba36615d8):
🌀 To execute on your local development database, remove the --remote flag from your wrangler command.
Note: if the execution fails to complete, your DB will return to its original state and you can safely retry.
├ Checking if file needs uploading
│
├ 🌀 Uploading 591729d8-f04a-4ee2-a6b7-1acba36615d8.6a4f088f8a758d91.sql
│ 🌀 Uploading complete.
│
🌀 Starting import...
🌀 Processed 1 queries.
🚣 Executed 1 queries in 2.20ms (14 rows read, 3 rows written)
   Database is currently at bookmark 00000002-00000006-000050f8-a508d722f8b8a97a892ebbb80b2e9170.
[
  {
    "results": [
      {
        "Total queries executed": 1,
        "Rows read": 14,
        "Rows written": 3,
        "Database size (MB)": "0.52"
      }
    ],
    "success": true,
    "finalBookmark": "00000002-00000006-000050f8-a508d722f8b8a97a892ebbb80b2e9170",
    "meta": {
      "served_by": "v3-prod",
      "served_by_region": "ENAM",
      "served_by_colo": "MIA",
      "served_by_primary": true,
      "timings": {
        "sql_duration_ms": 2.2025
      },
      "duration": 2.2025,
      "changes": 3,
      "last_row_id": 0,
      "changed_db": true,
      "size_after": 516096,
      "rows_read": 14,
      "rows_written": 3,
      "num_tables": 27,
      "total_attempts": 1
    }
  }
]
